Running from: /home/ubuntu/terraform-aws-project/jenkins.war
webroot: /home/ubuntu/.jenkins/war
2026-05-22 05:46:17.212+0000 [id=1]	INFO	winstone.Logger#logInternal: Beginning extraction from war file
2026-05-22 05:46:17.328+0000 [id=1]	WARNING	o.e.j.ee9.nested.ContextHandler#setContextPath: Empty contextPath
2026-05-22 05:46:17.429+0000 [id=1]	INFO	org.eclipse.jetty.server.Server#doStart: jetty-12.1.8; built: 2026-04-01T01:09:18.991Z; git: c9cdc9aaa434a3665b8a53b4d1cc3684992da649; jvm 21.0.11-ea+8-Ubuntu-1
2026-05-22 05:46:18.297+0000 [id=1]	INFO	o.e.j.e.w.StandardDescriptorProcessor#visitServlet: NO JSP Support for /, did not find org.eclipse.jetty.ee9.jsp.JettyJspServlet
2026-05-22 05:46:18.358+0000 [id=1]	INFO	o.e.j.s.DefaultSessionIdManager#doStart: Session workerName=node0
2026-05-22 05:46:19.053+0000 [id=1]	INFO	hudson.WebAppMain#contextInitialized: Jenkins home directory: /home/ubuntu/.jenkins found at: $user.home/.jenkins
2026-05-22 05:46:19.211+0000 [id=1]	INFO	o.e.j.s.handler.ContextHandler#doStart: Started oeje9n.ContextHandler$CoreContextHandler@771158fb{Jenkins v2.555.2,/,b=file:///home/ubuntu/.jenkins/war/,a=AVAILABLE,h=oeje9n.ContextHandler$CoreContextHandler$CoreToNestedHandler@91c4a3f{STARTED}}
2026-05-22 05:46:19.242+0000 [id=1]	INFO	o.e.j.server.AbstractConnector#doStart: Started oejs.ServerConnector@6c000e0c{HTTP/1.1, (http/1.1)}{0.0.0.0:8080}
2026-05-22 05:46:19.245+0000 [id=1]	INFO	org.eclipse.jetty.server.Server#doStart: Started oejs.Server@5f233b26{STARTING}[12.1.8,sto=0] @1821ms
2026-05-22 05:46:19.248+0000 [id=31]	INFO	winstone.Logger#logInternal: Winstone Servlet Engine running: controlPort=disabled
2026-05-22 05:46:19.399+0000 [id=30]	INFO	jenkins.model.Jenkins#<init>: Starting version 2.555.2
2026-05-22 05:46:19.511+0000 [id=37]	INFO	jenkins.InitReactorRunner$1#onAttained: Started initialization
2026-05-22 05:46:19.714+0000 [id=37]	INFO	jenkins.InitReactorRunner$1#onAttained: Listed all plugins
2026-05-22 05:46:25.325+0000 [id=36]	INFO	jenkins.InitReactorRunner$1#onAttained: Prepared all plugins
2026-05-22 05:46:25.368+0000 [id=37]	INFO	jenkins.InitReactorRunner$1#onAttained: Started all plugins
2026-05-22 05:46:25.372+0000 [id=36]	INFO	jenkins.InitReactorRunner$1#onAttained: Augmented all extensions
2026-05-22 05:46:26.016+0000 [id=36]	INFO	h.p.b.g.GlobalTimeOutConfiguration#load: global timeout not set
2026-05-22 05:46:28.075+0000 [id=37]	INFO	jenkins.InitReactorRunner$1#onAttained: System config loaded
2026-05-22 05:46:28.078+0000 [id=37]	INFO	jenkins.InitReactorRunner$1#onAttained: System config adapted
2026-05-22 05:46:28.149+0000 [id=37]	INFO	jenkins.InitReactorRunner$1#onAttained: Loaded all jobs
2026-05-22 05:46:28.162+0000 [id=38]	INFO	jenkins.InitReactorRunner$1#onAttained: Configuration for all jobs updated
2026-05-22 05:46:28.244+0000 [id=36]	INFO	jenkins.InitReactorRunner$1#onAttained: Completed initialization
2026-05-22 05:46:28.307+0000 [id=30]	INFO	hudson.lifecycle.Lifecycle#onReady: Jenkins is fully up and running
2026-05-22 05:46:40.046+0000 [id=67]	WARNING	j.m.api.Metrics$HealthChecker#execute: Some health checks are reporting as unhealthy: [temporary-space : Only 0.943 Gb free on (controller)]
2026-05-22 05:52:26.929+0000 [id=32]	INFO	winstone.Logger#logInternal: JVM is terminating. Shutting down Jetty
2026-05-22 05:52:26.930+0000 [id=32]	INFO	org.eclipse.jetty.server.Server#doStop: Stopped oejs.Server@5f233b26{STOPPING}[12.1.8,sto=0]
2026-05-22 05:52:26.932+0000 [id=32]	INFO	o.e.j.server.AbstractConnector#doStop: Stopped oejs.ServerConnector@6c000e0c{HTTP/1.1, (http/1.1)}{0.0.0.0:8080}
2026-05-22 05:52:26.936+0000 [id=32]	INFO	hudson.lifecycle.Lifecycle#onStatusUpdate: Stopping Jenkins
2026-05-22 05:52:26.985+0000 [id=32]	INFO	jenkins.model.Jenkins$13#onAttained: Started termination
2026-05-22 05:52:27.007+0000 [id=32]	INFO	h.p.b.global.Lifecycle#shutdown: Shutdown complete - Global TimeOut ScheduledExecutorService had 0 tasks pending
2026-05-22 05:52:27.016+0000 [id=32]	INFO	jenkins.model.Jenkins$13#onAttained: Completed termination
2026-05-22 05:52:27.016+0000 [id=32]	INFO	jenkins.model.Jenkins#_cleanUpDisconnectComputers: Starting node disconnection
2026-05-22 05:52:27.031+0000 [id=32]	INFO	jenkins.model.Jenkins#_cleanUpShutdownPluginManager: Stopping plugin manager
2026-05-22 05:52:27.076+0000 [id=32]	INFO	jenkins.model.Jenkins#_cleanUpPersistQueue: Persisting build queue
2026-05-22 05:52:27.088+0000 [id=32]	INFO	jenkins.model.Jenkins#_cleanUpAwaitDisconnects: Waiting for node disconnection completion
2026-05-22 05:52:27.089+0000 [id=32]	INFO	hudson.lifecycle.Lifecycle#onStatusUpdate: Jenkins stopped
