Running from: /home/ubuntu/terraform-aws-project/jenkins.war
webroot: /home/ubuntu/.jenkins/war
2026-05-22 04:46:51.775+0000 [id=1]	INFO	winstone.Logger#logInternal: Beginning extraction from war file
2026-05-22 04:46:52.435+0000 [id=1]	WARNING	o.e.j.ee9.nested.ContextHandler#setContextPath: Empty contextPath
2026-05-22 04:46:52.523+0000 [id=1]	INFO	org.eclipse.jetty.server.Server#doStart: jetty-12.1.8; built: 2026-04-01T01:09:18.991Z; git: c9cdc9aaa434a3665b8a53b4d1cc3684992da649; jvm 21.0.11-ea+8-Ubuntu-1
2026-05-22 04:46:53.318+0000 [id=1]	INFO	o.e.j.e.w.StandardDescriptorProcessor#visitServlet: NO JSP Support for /, did not find org.eclipse.jetty.ee9.jsp.JettyJspServlet
2026-05-22 04:46:53.392+0000 [id=1]	INFO	o.e.j.s.DefaultSessionIdManager#doStart: Session workerName=node0
2026-05-22 04:46:54.052+0000 [id=1]	INFO	hudson.WebAppMain#contextInitialized: Jenkins home directory: /home/ubuntu/.jenkins found at: $user.home/.jenkins
2026-05-22 04:46:54.262+0000 [id=1]	INFO	o.e.j.s.handler.ContextHandler#doStart: Started oeje9n.ContextHandler$CoreContextHandler@21f8e55f{Jenkins v2.555.2,/,b=file:///home/ubuntu/.jenkins/war/,a=AVAILABLE,h=oeje9n.ContextHandler$CoreContextHandler$CoreToNestedHandler@d5ce97f{STARTED}}
2026-05-22 04:46:54.292+0000 [id=1]	INFO	o.e.j.server.AbstractConnector#doStart: Started oejs.ServerConnector@6ac0b715{HTTP/1.1, (http/1.1)}{0.0.0.0:8080}
2026-05-22 04:46:54.292+0000 [id=1]	INFO	org.eclipse.jetty.server.Server#doStart: Started oejs.Server@468be356{STARTING}[12.1.8,sto=0] @1774ms
2026-05-22 04:46:54.299+0000 [id=31]	INFO	winstone.Logger#logInternal: Winstone Servlet Engine running: controlPort=disabled
2026-05-22 04:46:54.458+0000 [id=30]	INFO	jenkins.model.Jenkins#<init>: Starting version 2.555.2
2026-05-22 04:46:54.624+0000 [id=39]	INFO	jenkins.InitReactorRunner$1#onAttained: Started initialization
2026-05-22 04:46:54.644+0000 [id=38]	INFO	jenkins.InitReactorRunner$1#onAttained: Listed all plugins
2026-05-22 04:46:55.956+0000 [id=39]	INFO	jenkins.InitReactorRunner$1#onAttained: Prepared all plugins
2026-05-22 04:46:55.964+0000 [id=40]	INFO	jenkins.InitReactorRunner$1#onAttained: Started all plugins
2026-05-22 04:46:55.967+0000 [id=40]	INFO	jenkins.InitReactorRunner$1#onAttained: Augmented all extensions
2026-05-22 04:46:56.233+0000 [id=38]	INFO	jenkins.InitReactorRunner$1#onAttained: System config loaded
2026-05-22 04:46:56.234+0000 [id=38]	INFO	jenkins.InitReactorRunner$1#onAttained: System config adapted
2026-05-22 04:46:56.234+0000 [id=38]	INFO	jenkins.InitReactorRunner$1#onAttained: Loaded all jobs
2026-05-22 04:46:56.236+0000 [id=38]	INFO	jenkins.InitReactorRunner$1#onAttained: Configuration for all jobs updated
2026-05-22 04:46:56.283+0000 [id=54]	INFO	hudson.util.Retrier#start: Attempt #1 to do the action check updates server
2026-05-22 04:46:57.039+0000 [id=38]	INFO	jenkins.install.SetupWizard#init: 
[LF]> 
[LF]> *************************************************************
[LF]> *************************************************************
[LF]> *************************************************************
[LF]> 
[LF]> Jenkins initial setup is required. An admin user has been created and a password generated.
[LF]> Please use the following password to proceed to installation:
[LF]> 
[LF]> b0fae353ebe74395a3f3273263b5205a
[LF]> 
[LF]> This may also be found at: /home/ubuntu/.jenkins/secrets/initialAdminPassword
[LF]> 
[LF]> *************************************************************
[LF]> *************************************************************
[LF]> *************************************************************

2026-05-22 04:47:02.660+0000 [id=38]	INFO	jenkins.InitReactorRunner$1#onAttained: Completed initialization
2026-05-22 04:47:02.687+0000 [id=30]	INFO	hudson.lifecycle.Lifecycle#onReady: Jenkins is fully up and running
2026-05-22 04:47:03.646+0000 [id=54]	INFO	h.m.DownloadService$Downloadable#load: Obtained the updated data file for hudson.tasks.Maven.MavenInstaller
2026-05-22 04:47:03.649+0000 [id=54]	INFO	hudson.util.Retrier#start: Performed the action check updates server successfully at the attempt #1
2026-05-22 04:47:07.736+0000 [id=75]	WARNING	h.n.DiskSpaceMonitorDescriptor#markNodeOfflineOrOnline: Making Built-In Node offline temporarily due to the lack of disk space
2026-05-22 04:53:22.596+0000 [id=24]	INFO	hudson.PluginManager#install: Starting installation of a batch of 19 plugins plus their dependencies
2026-05-22 04:53:22.601+0000 [id=24]	INFO	hudson.model.UpdateSite$Plugin#deploy: Adding dependent install of ionicons-api for plugin cloudbees-folder
2026-05-22 04:53:22.602+0000 [id=24]	INFO	hudson.model.UpdateSite$Plugin#deploy: Adding dependent install of commons-lang3-api for plugin ionicons-api
2026-05-22 04:53:22.603+0000 [id=83]	INFO	h.model.UpdateCenter$DownloadJob#run: Starting the installation of commons-lang3-api on behalf of admin
2026-05-22 04:53:22.604+0000 [id=24]	INFO	hudson.model.UpdateSite$Plugin#deploy: Adding dependent install of json-path-api for plugin build-timeout
2026-05-22 04:53:22.605+0000 [id=24]	INFO	hudson.model.UpdateSite$Plugin#deploy: Adding dependent install of asm-api for plugin json-path-api
2026-05-22 04:53:22.605+0000 [id=24]	INFO	hudson.model.UpdateSite$Plugin#deploy: Adding dependent install of token-macro for plugin build-timeout
2026-05-22 04:53:22.608+0000 [id=24]	INFO	hudson.model.UpdateSite$Plugin#deploy: Adding dependent install of workflow-step-api for plugin token-macro
2026-05-22 04:53:22.608+0000 [id=24]	INFO	hudson.model.UpdateSite$Plugin#deploy: Adding dependent install of structs for plugin workflow-step-api
2026-05-22 04:53:22.609+0000 [id=24]	INFO	hudson.model.UpdateSite$Plugin#deploy: Adding dependent install of commons-text-api for plugin token-macro
2026-05-22 04:53:22.610+0000 [id=24]	INFO	hudson.model.UpdateSite$Plugin#deploy: Adding dependent install of plain-credentials for plugin credentials-binding
2026-05-22 04:53:22.612+0000 [id=24]	INFO	hudson.model.UpdateSite$Plugin#deploy: Adding dependent install of credentials for plugin plain-credentials
2026-05-22 04:53:22.613+0000 [id=24]	INFO	hudson.model.UpdateSite$Plugin#deploy: Adding dependent install of bouncycastle-api for plugin credentials
2026-05-22 04:53:22.613+0000 [id=24]	INFO	hudson.model.UpdateSite$Plugin#deploy: Adding dependent install of ssh-credentials for plugin credentials-binding
2026-05-22 04:53:22.616+0000 [id=24]	INFO	hudson.model.UpdateSite$Plugin#deploy: Adding dependent install of variant for plugin ssh-credentials
2026-05-22 04:53:22.617+0000 [id=24]	INFO	hudson.model.UpdateSite$Plugin#deploy: Adding dependent install of workflow-api for plugin timestamper
2026-05-22 04:53:22.617+0000 [id=24]	INFO	hudson.model.UpdateSite$Plugin#deploy: Adding dependent install of scm-api for plugin workflow-api
2026-05-22 04:53:22.618+0000 [id=24]	INFO	hudson.model.UpdateSite$Plugin#deploy: Adding dependent install of matrix-project for plugin ws-cleanup
2026-05-22 04:53:22.620+0000 [id=24]	INFO	hudson.model.UpdateSite$Plugin#deploy: Adding dependent install of script-security for plugin matrix-project
2026-05-22 04:53:22.620+0000 [id=24]	INFO	hudson.model.UpdateSite$Plugin#deploy: Adding dependent install of caffeine-api for plugin script-security
2026-05-22 04:53:22.621+0000 [id=24]	INFO	hudson.model.UpdateSite$Plugin#deploy: Adding dependent install of junit for plugin matrix-project
2026-05-22 04:53:22.622+0000 [id=24]	INFO	hudson.model.UpdateSite$Plugin#deploy: Adding dependent install of bootstrap5-api for plugin junit
2026-05-22 04:53:22.624+0000 [id=24]	INFO	hudson.model.UpdateSite$Plugin#deploy: Adding dependent install of font-awesome-api for plugin bootstrap5-api
2026-05-22 04:53:22.625+0000 [id=24]	INFO	hudson.model.UpdateSite$Plugin#deploy: Adding dependent install of plugin-util-api for plugin font-awesome-api
2026-05-22 04:53:22.625+0000 [id=24]	INFO	hudson.model.UpdateSite$Plugin#deploy: Adding dependent install of workflow-support for plugin plugin-util-api
2026-05-22 04:53:22.628+0000 [id=24]	INFO	hudson.model.UpdateSite$Plugin#deploy: Adding dependent install of echarts-api for plugin junit
2026-05-22 04:53:22.629+0000 [id=24]	INFO	hudson.model.UpdateSite$Plugin#deploy: Adding dependent install of jackson3-api for plugin echarts-api
2026-05-22 04:53:22.629+0000 [id=24]	INFO	hudson.model.UpdateSite$Plugin#deploy: Adding dependent install of jackson-annotations2-api for plugin jackson3-api
2026-05-22 04:53:22.630+0000 [id=24]	INFO	hudson.model.UpdateSite$Plugin#deploy: Adding dependent install of snakeyaml-engine-api for plugin jackson3-api
2026-05-22 04:53:22.632+0000 [id=24]	INFO	hudson.model.UpdateSite$Plugin#deploy: Adding dependent install of woodstox-core-api for plugin jackson3-api
2026-05-22 04:53:22.632+0000 [id=24]	INFO	hudson.model.UpdateSite$Plugin#deploy: Adding dependent install of jquery3-api for plugin echarts-api
2026-05-22 04:53:22.632+0000 [id=24]	INFO	hudson.model.UpdateSite$Plugin#deploy: Adding dependent install of prism-api for plugin junit
2026-05-22 04:53:22.633+0000 [id=24]	INFO	hudson.model.UpdateSite$Plugin#deploy: Adding dependent install of display-url-api for plugin junit
2026-05-22 04:53:22.635+0000 [id=24]	INFO	hudson.model.UpdateSite$Plugin#deploy: Adding dependent install of checks-api for plugin junit
2026-05-22 04:53:22.636+0000 [id=24]	INFO	hudson.model.UpdateSite$Plugin#deploy: Adding dependent install of resource-disposer for plugin ws-cleanup
2026-05-22 04:53:22.639+0000 [id=24]	INFO	hudson.model.UpdateSite$Plugin#deploy: Adding dependent install of okhttp-api for plugin gradle
2026-05-22 04:53:22.639+0000 [id=24]	INFO	hudson.model.UpdateSite$Plugin#deploy: Adding dependent install of jackson2-api for plugin gradle
2026-05-22 04:53:22.640+0000 [id=24]	INFO	hudson.model.UpdateSite$Plugin#deploy: Adding dependent install of jaxb for plugin jackson2-api
2026-05-22 04:53:22.640+0000 [id=24]	INFO	hudson.model.UpdateSite$Plugin#deploy: Adding dependent install of javax-activation-api for plugin jaxb
2026-05-22 04:53:22.640+0000 [id=24]	INFO	hudson.model.UpdateSite$Plugin#deploy: Adding dependent install of json-api for plugin jackson2-api
2026-05-22 04:53:22.641+0000 [id=24]	INFO	hudson.model.UpdateSite$Plugin#deploy: Adding dependent install of jakarta-activation-api for plugin jackson2-api
2026-05-22 04:53:22.643+0000 [id=24]	INFO	hudson.model.UpdateSite$Plugin#deploy: Adding dependent install of snakeyaml-api for plugin jackson2-api
2026-05-22 04:53:22.643+0000 [id=24]	INFO	hudson.model.UpdateSite$Plugin#deploy: Adding dependent install of jakarta-xml-bind-api for plugin jackson2-api
2026-05-22 04:53:22.644+0000 [id=24]	INFO	hudson.model.UpdateSite$Plugin#deploy: Adding dependent install of apache-httpcomponents-client-4-api for plugin gradle
2026-05-22 04:53:22.644+0000 [id=24]	INFO	hudson.model.UpdateSite$Plugin#deploy: Adding dependent install of workflow-job for plugin gradle
2026-05-22 04:53:22.647+0000 [id=24]	INFO	hudson.model.UpdateSite$Plugin#deploy: Adding dependent install of pipeline-milestone-step for plugin workflow-aggregator
2026-05-22 04:53:22.648+0000 [id=24]	INFO	hudson.model.UpdateSite$Plugin#deploy: Adding dependent install of workflow-durable-task-step for plugin workflow-aggregator
2026-05-22 04:53:22.648+0000 [id=24]	INFO	hudson.model.UpdateSite$Plugin#deploy: Adding dependent install of durable-task for plugin workflow-durable-task-step
2026-05-22 04:53:22.648+0000 [id=24]	INFO	hudson.model.UpdateSite$Plugin#deploy: Adding dependent install of pipeline-build-step for plugin workflow-aggregator
2026-05-22 04:53:22.651+0000 [id=24]	INFO	hudson.model.UpdateSite$Plugin#deploy: Adding dependent install of pipeline-groovy-lib for plugin workflow-aggregator
2026-05-22 04:53:22.652+0000 [id=24]	INFO	hudson.model.UpdateSite$Plugin#deploy: Adding dependent install of workflow-scm-step for plugin pipeline-groovy-lib
2026-05-22 04:53:22.652+0000 [id=24]	INFO	hudson.model.UpdateSite$Plugin#deploy: Adding dependent install of workflow-cps for plugin pipeline-groovy-lib
2026-05-22 04:53:22.653+0000 [id=24]	INFO	hudson.model.UpdateSite$Plugin#deploy: Adding dependent install of pipeline-model-definition for plugin workflow-aggregator
2026-05-22 04:53:22.656+0000 [id=24]	INFO	hudson.model.UpdateSite$Plugin#deploy: Adding dependent install of pipeline-model-extensions for plugin pipeline-model-definition
2026-05-22 04:53:22.656+0000 [id=24]	INFO	hudson.model.UpdateSite$Plugin#deploy: Adding dependent install of pipeline-model-api for plugin pipeline-model-extensions
2026-05-22 04:53:22.657+0000 [id=24]	INFO	hudson.model.UpdateSite$Plugin#deploy: Adding dependent install of joda-time-api for plugin pipeline-model-api
2026-05-22 04:53:22.659+0000 [id=24]	INFO	hudson.model.UpdateSite$Plugin#deploy: Adding dependent install of pipeline-stage-step for plugin pipeline-model-extensions
2026-05-22 04:53:22.660+0000 [id=24]	INFO	hudson.model.UpdateSite$Plugin#deploy: Adding dependent install of mailer for plugin pipeline-model-definition
2026-05-22 04:53:22.660+0000 [id=24]	INFO	hudson.model.UpdateSite$Plugin#deploy: Adding dependent install of jakarta-mail-api for plugin mailer
2026-05-22 04:53:22.660+0000 [id=24]	INFO	hudson.model.UpdateSite$Plugin#deploy: Adding dependent install of instance-identity for plugin mailer
2026-05-22 04:53:22.660+0000 [id=24]	INFO	hudson.model.UpdateSite$Plugin#deploy: Adding dependent install of workflow-multibranch for plugin pipeline-model-definition
2026-05-22 04:53:22.663+0000 [id=24]	INFO	hudson.model.UpdateSite$Plugin#deploy: Adding dependent install of branch-api for plugin workflow-multibranch
2026-05-22 04:53:22.664+0000 [id=24]	INFO	hudson.model.UpdateSite$Plugin#deploy: Adding dependent install of pipeline-stage-tags-metadata for plugin pipeline-model-definition
2026-05-22 04:53:22.664+0000 [id=24]	INFO	hudson.model.UpdateSite$Plugin#deploy: Adding dependent install of pipeline-input-step for plugin pipeline-model-definition
2026-05-22 04:53:22.664+0000 [id=24]	INFO	hudson.model.UpdateSite$Plugin#deploy: Adding dependent install of workflow-basic-steps for plugin pipeline-model-definition
2026-05-22 04:53:22.668+0000 [id=24]	INFO	hudson.model.UpdateSite$Plugin#deploy: Adding dependent install of jjwt-api for plugin github-branch-source
2026-05-22 04:53:22.668+0000 [id=24]	INFO	hudson.model.UpdateSite$Plugin#deploy: Adding dependent install of github-api for plugin github-branch-source
2026-05-22 04:53:22.670+0000 [id=24]	INFO	hudson.model.UpdateSite$Plugin#deploy: Adding dependent install of github for plugin github-branch-source
2026-05-22 04:53:22.671+0000 [id=24]	INFO	hudson.model.UpdateSite$Plugin#deploy: Adding dependent install of git for plugin github
2026-05-22 04:53:22.672+0000 [id=24]	INFO	hudson.model.UpdateSite$Plugin#deploy: Adding dependent install of git-client for plugin git
2026-05-22 04:53:22.674+0000 [id=24]	INFO	hudson.model.UpdateSite$Plugin#deploy: Adding dependent install of mina-sshd-api-core for plugin git-client
2026-05-22 04:53:22.675+0000 [id=24]	INFO	hudson.model.UpdateSite$Plugin#deploy: Adding dependent install of mina-sshd-api-common for plugin mina-sshd-api-core
2026-05-22 04:53:22.675+0000 [id=24]	INFO	hudson.model.UpdateSite$Plugin#deploy: Adding dependent install of gson-api for plugin git-client
2026-05-22 04:53:22.678+0000 [id=24]	INFO	hudson.model.UpdateSite$Plugin#deploy: Adding dependent install of metrics for plugin pipeline-graph-view
2026-05-22 04:53:22.682+0000 [id=24]	INFO	hudson.model.UpdateSite$Plugin#deploy: Adding dependent install of trilead-api for plugin ssh-slaves
2026-05-22 04:53:22.682+0000 [id=24]	INFO	hudson.model.UpdateSite$Plugin#deploy: Adding dependent install of eddsa-api for plugin trilead-api
2026-05-22 04:53:22.686+0000 [id=24]	INFO	hudson.model.UpdateSite$Plugin#deploy: Adding dependent install of jsoup for plugin email-ext
2026-05-22 04:53:22.686+0000 [id=24]	INFO	hudson.model.UpdateSite$Plugin#deploy: Adding dependent install of theme-manager for plugin dark-theme
2026-05-22 04:53:22.770+0000 [id=83]	INFO	h.model.UpdateCenter$DownloadJob#run: Installation successful: commons-lang3-api
2026-05-22 04:53:22.770+0000 [id=83]	INFO	h.model.UpdateCenter$DownloadJob#run: Starting the installation of ionicons-api on behalf of admin
2026-05-22 04:53:22.817+0000 [id=83]	INFO	h.model.UpdateCenter$DownloadJob#run: Installation successful: ionicons-api
2026-05-22 04:53:22.817+0000 [id=83]	INFO	h.model.UpdateCenter$DownloadJob#run: Starting the installation of cloudbees-folder on behalf of admin
2026-05-22 04:53:22.818+0000 [id=83]	INFO	h.m.UpdateCenter$UpdateCenterConfiguration#download: Downloading cloudbees-folder
2026-05-22 04:53:23.787+0000 [id=83]	INFO	h.model.UpdateCenter$DownloadJob#run: Installation successful: cloudbees-folder
2026-05-22 04:53:23.787+0000 [id=83]	INFO	h.model.UpdateCenter$DownloadJob#run: Starting the installation of antisamy-markup-formatter on behalf of admin
2026-05-22 04:53:23.807+0000 [id=83]	INFO	h.model.UpdateCenter$DownloadJob#run: Installation successful: antisamy-markup-formatter
2026-05-22 04:53:23.808+0000 [id=83]	INFO	h.model.UpdateCenter$DownloadJob#run: Starting the installation of asm-api on behalf of admin
2026-05-22 04:53:23.815+0000 [id=83]	INFO	h.m.UpdateCenter$UpdateCenterConfiguration#download: Downloading asm-api
2026-05-22 04:53:24.936+0000 [id=83]	INFO	h.model.UpdateCenter$DownloadJob#run: Installation successful: asm-api
2026-05-22 04:53:24.937+0000 [id=83]	INFO	h.model.UpdateCenter$DownloadJob#run: Starting the installation of json-path-api on behalf of admin
2026-05-22 04:53:24.937+0000 [id=83]	INFO	h.m.UpdateCenter$UpdateCenterConfiguration#download: Downloading json-path-api
2026-05-22 04:53:25.774+0000 [id=83]	INFO	h.model.UpdateCenter$DownloadJob#run: Installation successful: json-path-api
2026-05-22 04:53:25.774+0000 [id=83]	INFO	h.model.UpdateCenter$DownloadJob#run: Starting the installation of structs on behalf of admin
2026-05-22 04:53:25.783+0000 [id=83]	INFO	h.model.UpdateCenter$DownloadJob#run: Installation successful: structs
2026-05-22 04:53:25.784+0000 [id=83]	INFO	h.model.UpdateCenter$DownloadJob#run: Starting the installation of workflow-step-api on behalf of admin
2026-05-22 04:53:25.785+0000 [id=83]	INFO	h.m.UpdateCenter$UpdateCenterConfiguration#download: Downloading workflow-step-api
2026-05-22 04:53:26.568+0000 [id=83]	INFO	h.model.UpdateCenter$DownloadJob#run: Installation successful: workflow-step-api
2026-05-22 04:53:26.569+0000 [id=83]	INFO	h.model.UpdateCenter$DownloadJob#run: Starting the installation of commons-text-api on behalf of admin
2026-05-22 04:53:26.586+0000 [id=83]	INFO	h.model.UpdateCenter$DownloadJob#run: Installation successful: commons-text-api
2026-05-22 04:53:26.586+0000 [id=83]	INFO	h.model.UpdateCenter$DownloadJob#run: Starting the installation of token-macro on behalf of admin
2026-05-22 04:53:26.587+0000 [id=83]	INFO	h.m.UpdateCenter$UpdateCenterConfiguration#download: Downloading token-macro
2026-05-22 04:53:27.313+0000 [id=83]	INFO	h.model.UpdateCenter$DownloadJob#run: Installation successful: token-macro
2026-05-22 04:53:27.313+0000 [id=83]	INFO	h.model.UpdateCenter$DownloadJob#run: Starting the installation of build-timeout on behalf of admin
2026-05-22 04:53:27.314+0000 [id=83]	INFO	h.m.UpdateCenter$UpdateCenterConfiguration#download: Downloading build-timeout
2026-05-22 04:53:28.246+0000 [id=83]	INFO	h.model.UpdateCenter$DownloadJob#run: Installation successful: build-timeout
2026-05-22 04:53:28.246+0000 [id=83]	INFO	h.model.UpdateCenter$DownloadJob#run: Starting the installation of bouncycastle-api on behalf of admin
2026-05-22 04:53:28.320+0000 [id=83]	INFO	h.m.UpdateCenter$UpdateCenterConfiguration#download: Downloading bouncycastle-api
2026-05-22 04:53:30.499+0000 [id=83]	INFO	h.model.UpdateCenter$DownloadJob#run: Installation successful: bouncycastle-api
2026-05-22 04:53:30.500+0000 [id=83]	INFO	h.model.UpdateCenter$DownloadJob#run: Starting the installation of credentials on behalf of admin
2026-05-22 04:53:30.501+0000 [id=83]	INFO	h.m.UpdateCenter$UpdateCenterConfiguration#download: Downloading credentials
2026-05-22 04:53:31.204+0000 [id=83]	INFO	h.model.UpdateCenter$DownloadJob#run: Installation successful: credentials
2026-05-22 04:53:31.204+0000 [id=83]	INFO	h.model.UpdateCenter$DownloadJob#run: Starting the installation of plain-credentials on behalf of admin
2026-05-22 04:53:31.205+0000 [id=83]	INFO	h.m.UpdateCenter$UpdateCenterConfiguration#download: Downloading plain-credentials
2026-05-22 04:53:32.105+0000 [id=83]	INFO	h.model.UpdateCenter$DownloadJob#run: Installation successful: plain-credentials
2026-05-22 04:53:32.105+0000 [id=83]	INFO	h.model.UpdateCenter$DownloadJob#run: Starting the installation of variant on behalf of admin
2026-05-22 04:53:32.105+0000 [id=83]	INFO	h.m.UpdateCenter$UpdateCenterConfiguration#download: Downloading variant
2026-05-22 04:53:32.854+0000 [id=83]	INFO	h.model.UpdateCenter$DownloadJob#run: Installation successful: variant
2026-05-22 04:53:32.854+0000 [id=83]	INFO	h.model.UpdateCenter$DownloadJob#run: Starting the installation of ssh-credentials on behalf of admin
2026-05-22 04:53:32.854+0000 [id=83]	INFO	h.m.UpdateCenter$UpdateCenterConfiguration#download: Downloading ssh-credentials
2026-05-22 04:53:33.599+0000 [id=83]	INFO	h.model.UpdateCenter$DownloadJob#run: Installation successful: ssh-credentials
2026-05-22 04:53:33.599+0000 [id=83]	INFO	h.model.UpdateCenter$DownloadJob#run: Starting the installation of credentials-binding on behalf of admin
2026-05-22 04:53:33.599+0000 [id=83]	INFO	h.m.UpdateCenter$UpdateCenterConfiguration#download: Downloading credentials-binding
2026-05-22 04:53:34.355+0000 [id=83]	INFO	h.model.UpdateCenter$DownloadJob#run: Installation successful: credentials-binding
2026-05-22 04:53:34.356+0000 [id=83]	INFO	h.model.UpdateCenter$DownloadJob#run: Starting the installation of scm-api on behalf of admin
2026-05-22 04:53:34.366+0000 [id=83]	INFO	h.model.UpdateCenter$DownloadJob#run: Installation successful: scm-api
2026-05-22 04:53:34.367+0000 [id=83]	INFO	h.model.UpdateCenter$DownloadJob#run: Starting the installation of workflow-api on behalf of admin
2026-05-22 04:53:34.369+0000 [id=83]	INFO	h.m.UpdateCenter$UpdateCenterConfiguration#download: Downloading workflow-api
2026-05-22 04:53:35.264+0000 [id=83]	INFO	h.model.UpdateCenter$DownloadJob#run: Installation successful: workflow-api
2026-05-22 04:53:35.265+0000 [id=83]	INFO	h.model.UpdateCenter$DownloadJob#run: Starting the installation of timestamper on behalf of admin
2026-05-22 04:53:35.265+0000 [id=83]	INFO	h.m.UpdateCenter$UpdateCenterConfiguration#download: Downloading timestamper
2026-05-22 04:53:35.993+0000 [id=83]	INFO	h.model.UpdateCenter$DownloadJob#run: Installation successful: timestamper
2026-05-22 04:53:35.993+0000 [id=83]	INFO	h.model.UpdateCenter$DownloadJob#run: Starting the installation of caffeine-api on behalf of admin
2026-05-22 04:53:36.019+0000 [id=83]	INFO	h.model.UpdateCenter$DownloadJob#run: Installation successful: caffeine-api
2026-05-22 04:53:36.019+0000 [id=83]	INFO	h.model.UpdateCenter$DownloadJob#run: Starting the installation of script-security on behalf of admin
2026-05-22 04:53:36.029+0000 [id=83]	INFO	h.model.UpdateCenter$DownloadJob#run: Installation successful: script-security
2026-05-22 04:53:36.030+0000 [id=83]	INFO	h.model.UpdateCenter$DownloadJob#run: Starting the installation of workflow-support on behalf of admin
2026-05-22 04:53:36.048+0000 [id=83]	INFO	h.model.UpdateCenter$DownloadJob#run: Installation successful: workflow-support
2026-05-22 04:53:36.048+0000 [id=83]	INFO	h.model.UpdateCenter$DownloadJob#run: Starting the installation of plugin-util-api on behalf of admin
2026-05-22 04:53:36.054+0000 [id=83]	INFO	h.m.UpdateCenter$UpdateCenterConfiguration#download: Downloading plugin-util-api
2026-05-22 04:53:36.932+0000 [id=83]	INFO	h.model.UpdateCenter$DownloadJob#run: Installation successful: plugin-util-api
2026-05-22 04:53:36.932+0000 [id=83]	INFO	h.model.UpdateCenter$DownloadJob#run: Starting the installation of font-awesome-api on behalf of admin
2026-05-22 04:53:36.946+0000 [id=83]	INFO	h.m.UpdateCenter$UpdateCenterConfiguration#download: Downloading font-awesome-api
2026-05-22 04:53:37.700+0000 [id=83]	INFO	h.model.UpdateCenter$DownloadJob#run: Installation successful: font-awesome-api
2026-05-22 04:53:37.700+0000 [id=83]	INFO	h.model.UpdateCenter$DownloadJob#run: Starting the installation of bootstrap5-api on behalf of admin
2026-05-22 04:53:37.706+0000 [id=83]	INFO	h.m.UpdateCenter$UpdateCenterConfiguration#download: Downloading bootstrap5-api
2026-05-22 04:53:38.487+0000 [id=83]	INFO	h.model.UpdateCenter$DownloadJob#run: Installation successful: bootstrap5-api
2026-05-22 04:53:38.487+0000 [id=83]	INFO	h.model.UpdateCenter$DownloadJob#run: Starting the installation of jackson-annotations2-api on behalf of admin
2026-05-22 04:53:38.488+0000 [id=83]	INFO	h.m.UpdateCenter$UpdateCenterConfiguration#download: Downloading jackson-annotations2-api
2026-05-22 04:53:39.238+0000 [id=83]	INFO	h.model.UpdateCenter$DownloadJob#run: Installation successful: jackson-annotations2-api
2026-05-22 04:53:39.238+0000 [id=83]	INFO	h.model.UpdateCenter$DownloadJob#run: Starting the installation of snakeyaml-engine-api on behalf of admin
2026-05-22 04:53:39.250+0000 [id=83]	INFO	h.model.UpdateCenter$DownloadJob#run: Installation successful: snakeyaml-engine-api
2026-05-22 04:53:39.250+0000 [id=83]	INFO	h.model.UpdateCenter$DownloadJob#run: Starting the installation of woodstox-core-api on behalf of admin
2026-05-22 04:53:39.250+0000 [id=83]	INFO	h.m.UpdateCenter$UpdateCenterConfiguration#download: Downloading woodstox-core-api
2026-05-22 04:53:40.241+0000 [id=83]	INFO	h.model.UpdateCenter$DownloadJob#run: Installation successful: woodstox-core-api
2026-05-22 04:53:40.241+0000 [id=83]	INFO	h.model.UpdateCenter$DownloadJob#run: Starting the installation of jackson3-api on behalf of admin
2026-05-22 04:53:40.256+0000 [id=83]	INFO	h.m.UpdateCenter$UpdateCenterConfiguration#download: Downloading jackson3-api
2026-05-22 04:53:41.881+0000 [id=83]	INFO	h.model.UpdateCenter$DownloadJob#run: Installation successful: jackson3-api
2026-05-22 04:53:41.881+0000 [id=83]	INFO	h.model.UpdateCenter$DownloadJob#run: Starting the installation of jquery3-api on behalf of admin
2026-05-22 04:53:41.883+0000 [id=83]	INFO	h.m.UpdateCenter$UpdateCenterConfiguration#download: Downloading jquery3-api
2026-05-22 04:53:42.663+0000 [id=83]	INFO	h.model.UpdateCenter$DownloadJob#run: Installation successful: jquery3-api
2026-05-22 04:53:42.663+0000 [id=83]	INFO	h.model.UpdateCenter$DownloadJob#run: Starting the installation of echarts-api on behalf of admin
2026-05-22 04:53:42.701+0000 [id=83]	INFO	h.m.UpdateCenter$UpdateCenterConfiguration#download: Downloading echarts-api
2026-05-22 04:53:43.941+0000 [id=83]	INFO	h.model.UpdateCenter$DownloadJob#run: Installation successful: echarts-api
2026-05-22 04:53:43.942+0000 [id=83]	INFO	h.model.UpdateCenter$DownloadJob#run: Starting the installation of prism-api on behalf of admin
2026-05-22 04:53:43.951+0000 [id=83]	INFO	h.m.UpdateCenter$UpdateCenterConfiguration#download: Downloading prism-api
2026-05-22 04:53:44.855+0000 [id=83]	INFO	h.model.UpdateCenter$DownloadJob#run: Installation successful: prism-api
2026-05-22 04:53:44.856+0000 [id=83]	INFO	h.model.UpdateCenter$DownloadJob#run: Starting the installation of display-url-api on behalf of admin
2026-05-22 04:53:44.866+0000 [id=83]	INFO	h.model.UpdateCenter$DownloadJob#run: Installation successful: display-url-api
2026-05-22 04:53:44.866+0000 [id=83]	INFO	h.model.UpdateCenter$DownloadJob#run: Starting the installation of checks-api on behalf of admin
2026-05-22 04:53:44.876+0000 [id=83]	INFO	h.model.UpdateCenter$DownloadJob#run: Installation successful: checks-api
2026-05-22 04:53:44.876+0000 [id=83]	INFO	h.model.UpdateCenter$DownloadJob#run: Starting the installation of junit on behalf of admin
2026-05-22 04:53:44.881+0000 [id=83]	INFO	h.m.UpdateCenter$UpdateCenterConfiguration#download: Downloading junit
2026-05-22 04:53:45.813+0000 [id=83]	INFO	h.model.UpdateCenter$DownloadJob#run: Installation successful: junit
2026-05-22 04:53:45.814+0000 [id=83]	INFO	h.model.UpdateCenter$DownloadJob#run: Starting the installation of matrix-project on behalf of admin
2026-05-22 04:53:45.832+0000 [id=83]	INFO	h.model.UpdateCenter$DownloadJob#run: Installation successful: matrix-project
2026-05-22 04:53:45.832+0000 [id=83]	INFO	h.model.UpdateCenter$DownloadJob#run: Starting the installation of resource-disposer on behalf of admin
2026-05-22 04:53:45.833+0000 [id=83]	INFO	h.m.UpdateCenter$UpdateCenterConfiguration#download: Downloading resource-disposer
2026-05-22 04:53:46.572+0000 [id=83]	INFO	h.model.UpdateCenter$DownloadJob#run: Installation successful: resource-disposer
2026-05-22 04:53:46.572+0000 [id=83]	INFO	h.model.UpdateCenter$DownloadJob#run: Starting the installation of ws-cleanup on behalf of admin
2026-05-22 04:53:46.572+0000 [id=83]	INFO	h.m.UpdateCenter$UpdateCenterConfiguration#download: Downloading ws-cleanup
2026-05-22 04:53:47.337+0000 [id=83]	INFO	h.model.UpdateCenter$DownloadJob#run: Installation successful: ws-cleanup
2026-05-22 04:53:47.337+0000 [id=83]	INFO	h.model.UpdateCenter$DownloadJob#run: Starting the installation of ant on behalf of admin
2026-05-22 04:53:47.337+0000 [id=83]	INFO	h.m.UpdateCenter$UpdateCenterConfiguration#download: Downloading ant
2026-05-22 04:53:48.149+0000 [id=83]	INFO	h.model.UpdateCenter$DownloadJob#run: Installation successful: ant
2026-05-22 04:53:48.149+0000 [id=83]	INFO	h.model.UpdateCenter$DownloadJob#run: Starting the installation of okhttp-api on behalf of admin
2026-05-22 04:53:48.149+0000 [id=83]	INFO	h.m.UpdateCenter$UpdateCenterConfiguration#download: Downloading okhttp-api
2026-05-22 04:53:49.207+0000 [id=83]	INFO	h.model.UpdateCenter$DownloadJob#run: Installation successful: okhttp-api
2026-05-22 04:53:49.207+0000 [id=83]	INFO	h.model.UpdateCenter$DownloadJob#run: Starting the installation of javax-activation-api on behalf of admin
2026-05-22 04:53:49.217+0000 [id=83]	INFO	h.model.UpdateCenter$DownloadJob#run: Installation successful: javax-activation-api
2026-05-22 04:53:49.217+0000 [id=83]	INFO	h.model.UpdateCenter$DownloadJob#run: Starting the installation of jaxb on behalf of admin
2026-05-22 04:53:49.257+0000 [id=83]	INFO	h.model.UpdateCenter$DownloadJob#run: Installation successful: jaxb
2026-05-22 04:53:49.258+0000 [id=83]	INFO	h.model.UpdateCenter$DownloadJob#run: Starting the installation of json-api on behalf of admin
2026-05-22 04:53:49.259+0000 [id=83]	INFO	h.m.UpdateCenter$UpdateCenterConfiguration#download: Downloading json-api
2026-05-22 04:53:50.061+0000 [id=83]	INFO	h.model.UpdateCenter$DownloadJob#run: Installation successful: json-api
2026-05-22 04:53:50.061+0000 [id=83]	INFO	h.model.UpdateCenter$DownloadJob#run: Starting the installation of jakarta-activation-api on behalf of admin
2026-05-22 04:53:50.071+0000 [id=83]	INFO	h.model.UpdateCenter$DownloadJob#run: Installation successful: jakarta-activation-api
2026-05-22 04:53:50.071+0000 [id=83]	INFO	h.model.UpdateCenter$DownloadJob#run: Starting the installation of snakeyaml-api on behalf of admin
2026-05-22 04:53:50.088+0000 [id=83]	INFO	h.model.UpdateCenter$DownloadJob#run: Installation successful: snakeyaml-api
2026-05-22 04:53:50.088+0000 [id=83]	INFO	h.model.UpdateCenter$DownloadJob#run: Starting the installation of jakarta-xml-bind-api on behalf of admin
2026-05-22 04:53:50.126+0000 [id=83]	INFO	h.model.UpdateCenter$DownloadJob#run: Installation successful: jakarta-xml-bind-api
2026-05-22 04:53:50.126+0000 [id=83]	INFO	h.model.UpdateCenter$DownloadJob#run: Starting the installation of jackson2-api on behalf of admin
2026-05-22 04:53:50.153+0000 [id=83]	INFO	h.m.UpdateCenter$UpdateCenterConfiguration#download: Downloading jackson2-api
2026-05-22 04:53:51.205+0000 [id=83]	INFO	h.model.UpdateCenter$DownloadJob#run: Installation successful: jackson2-api
2026-05-22 04:53:51.206+0000 [id=83]	INFO	h.model.UpdateCenter$DownloadJob#run: Starting the installation of apache-httpcomponents-client-4-api on behalf of admin
2026-05-22 04:53:51.258+0000 [id=83]	INFO	h.model.UpdateCenter$DownloadJob#run: Installation successful: apache-httpcomponents-client-4-api
2026-05-22 04:53:51.258+0000 [id=83]	INFO	h.model.UpdateCenter$DownloadJob#run: Starting the installation of workflow-job on behalf of admin
2026-05-22 04:53:51.258+0000 [id=83]	INFO	h.m.UpdateCenter$UpdateCenterConfiguration#download: Downloading workflow-job
2026-05-22 04:53:51.997+0000 [id=83]	INFO	h.model.UpdateCenter$DownloadJob#run: Installation successful: workflow-job
2026-05-22 04:53:51.997+0000 [id=83]	INFO	h.model.UpdateCenter$DownloadJob#run: Starting the installation of gradle on behalf of admin
2026-05-22 04:53:51.998+0000 [id=83]	INFO	h.m.UpdateCenter$UpdateCenterConfiguration#download: Downloading gradle
2026-05-22 04:53:52.778+0000 [id=83]	INFO	h.model.UpdateCenter$DownloadJob#run: Installation successful: gradle
2026-05-22 04:53:52.778+0000 [id=83]	INFO	h.model.UpdateCenter$DownloadJob#run: Starting the installation of pipeline-milestone-step on behalf of admin
2026-05-22 04:53:52.779+0000 [id=83]	INFO	h.m.UpdateCenter$UpdateCenterConfiguration#download: Downloading pipeline-milestone-step
2026-05-22 04:53:53.494+0000 [id=83]	INFO	h.model.UpdateCenter$DownloadJob#run: Installation successful: pipeline-milestone-step
2026-05-22 04:53:53.495+0000 [id=83]	INFO	h.model.UpdateCenter$DownloadJob#run: Starting the installation of durable-task on behalf of admin
2026-05-22 04:53:53.495+0000 [id=83]	INFO	h.m.UpdateCenter$UpdateCenterConfiguration#download: Downloading durable-task
2026-05-22 04:53:54.382+0000 [id=83]	INFO	h.model.UpdateCenter$DownloadJob#run: Installation successful: durable-task
2026-05-22 04:53:54.382+0000 [id=83]	INFO	h.model.UpdateCenter$DownloadJob#run: Starting the installation of workflow-durable-task-step on behalf of admin
2026-05-22 04:53:54.382+0000 [id=83]	INFO	h.m.UpdateCenter$UpdateCenterConfiguration#download: Downloading workflow-durable-task-step
2026-05-22 04:53:55.184+0000 [id=83]	INFO	h.model.UpdateCenter$DownloadJob#run: Installation successful: workflow-durable-task-step
2026-05-22 04:53:55.185+0000 [id=83]	INFO	h.model.UpdateCenter$DownloadJob#run: Starting the installation of pipeline-build-step on behalf of admin
2026-05-22 04:53:55.185+0000 [id=83]	INFO	h.m.UpdateCenter$UpdateCenterConfiguration#download: Downloading pipeline-build-step
2026-05-22 04:53:56.010+0000 [id=83]	INFO	h.model.UpdateCenter$DownloadJob#run: Installation successful: pipeline-build-step
2026-05-22 04:53:56.010+0000 [id=83]	INFO	h.model.UpdateCenter$DownloadJob#run: Starting the installation of workflow-scm-step on behalf of admin
2026-05-22 04:53:56.010+0000 [id=83]	INFO	h.m.UpdateCenter$UpdateCenterConfiguration#download: Downloading workflow-scm-step
2026-05-22 04:53:56.796+0000 [id=83]	INFO	h.model.UpdateCenter$DownloadJob#run: Installation successful: workflow-scm-step
2026-05-22 04:53:56.797+0000 [id=83]	INFO	h.model.UpdateCenter$DownloadJob#run: Starting the installation of workflow-cps on behalf of admin
2026-05-22 04:53:56.797+0000 [id=83]	INFO	h.m.UpdateCenter$UpdateCenterConfiguration#download: Downloading workflow-cps
2026-05-22 04:53:57.522+0000 [id=83]	INFO	h.model.UpdateCenter$DownloadJob#run: Installation successful: workflow-cps
2026-05-22 04:53:57.522+0000 [id=83]	INFO	h.model.UpdateCenter$DownloadJob#run: Starting the installation of pipeline-groovy-lib on behalf of admin
2026-05-22 04:53:57.522+0000 [id=83]	INFO	h.m.UpdateCenter$UpdateCenterConfiguration#download: Downloading pipeline-groovy-lib
2026-05-22 04:53:58.299+0000 [id=83]	INFO	h.model.UpdateCenter$DownloadJob#run: Installation successful: pipeline-groovy-lib
2026-05-22 04:53:58.299+0000 [id=83]	INFO	h.model.UpdateCenter$DownloadJob#run: Starting the installation of joda-time-api on behalf of admin
2026-05-22 04:53:58.300+0000 [id=83]	INFO	h.m.UpdateCenter$UpdateCenterConfiguration#download: Downloading joda-time-api
2026-05-22 04:53:59.058+0000 [id=83]	INFO	h.model.UpdateCenter$DownloadJob#run: Installation successful: joda-time-api
2026-05-22 04:53:59.058+0000 [id=83]	INFO	h.model.UpdateCenter$DownloadJob#run: Starting the installation of pipeline-model-api on behalf of admin
2026-05-22 04:53:59.059+0000 [id=83]	INFO	h.m.UpdateCenter$UpdateCenterConfiguration#download: Downloading pipeline-model-api
2026-05-22 04:53:59.815+0000 [id=83]	INFO	h.model.UpdateCenter$DownloadJob#run: Installation successful: pipeline-model-api
2026-05-22 04:53:59.816+0000 [id=83]	INFO	h.model.UpdateCenter$DownloadJob#run: Starting the installation of pipeline-stage-step on behalf of admin
2026-05-22 04:53:59.816+0000 [id=83]	INFO	h.m.UpdateCenter$UpdateCenterConfiguration#download: Downloading pipeline-stage-step
2026-05-22 04:54:00.551+0000 [id=83]	INFO	h.model.UpdateCenter$DownloadJob#run: Installation successful: pipeline-stage-step
2026-05-22 04:54:00.551+0000 [id=83]	INFO	h.model.UpdateCenter$DownloadJob#run: Starting the installation of pipeline-model-extensions on behalf of admin
2026-05-22 04:54:00.552+0000 [id=83]	INFO	h.m.UpdateCenter$UpdateCenterConfiguration#download: Downloading pipeline-model-extensions
2026-05-22 04:54:01.309+0000 [id=83]	INFO	h.model.UpdateCenter$DownloadJob#run: Installation successful: pipeline-model-extensions
2026-05-22 04:54:01.309+0000 [id=83]	INFO	h.model.UpdateCenter$DownloadJob#run: Starting the installation of jakarta-mail-api on behalf of admin
2026-05-22 04:54:01.336+0000 [id=83]	INFO	h.model.UpdateCenter$DownloadJob#run: Installation successful: jakarta-mail-api
2026-05-22 04:54:01.336+0000 [id=83]	INFO	h.model.UpdateCenter$DownloadJob#run: Starting the installation of instance-identity on behalf of admin
2026-05-22 04:54:01.343+0000 [id=83]	INFO	h.model.UpdateCenter$DownloadJob#run: Installation successful: instance-identity
2026-05-22 04:54:01.343+0000 [id=83]	INFO	h.model.UpdateCenter$DownloadJob#run: Starting the installation of mailer on behalf of admin
2026-05-22 04:54:01.345+0000 [id=83]	INFO	h.m.UpdateCenter$UpdateCenterConfiguration#download: Downloading mailer
2026-05-22 04:54:02.134+0000 [id=83]	INFO	h.model.UpdateCenter$DownloadJob#run: Installation successful: mailer
2026-05-22 04:54:02.134+0000 [id=83]	INFO	h.model.UpdateCenter$DownloadJob#run: Starting the installation of branch-api on behalf of admin
2026-05-22 04:54:02.134+0000 [id=83]	INFO	h.m.UpdateCenter$UpdateCenterConfiguration#download: Downloading branch-api
2026-05-22 04:54:02.974+0000 [id=83]	INFO	h.model.UpdateCenter$DownloadJob#run: Installation successful: branch-api
2026-05-22 04:54:02.974+0000 [id=83]	INFO	h.model.UpdateCenter$DownloadJob#run: Starting the installation of workflow-multibranch on behalf of admin
2026-05-22 04:54:02.974+0000 [id=83]	INFO	h.m.UpdateCenter$UpdateCenterConfiguration#download: Downloading workflow-multibranch
2026-05-22 04:54:03.733+0000 [id=83]	INFO	h.model.UpdateCenter$DownloadJob#run: Installation successful: workflow-multibranch
2026-05-22 04:54:03.734+0000 [id=83]	INFO	h.model.UpdateCenter$DownloadJob#run: Starting the installation of pipeline-stage-tags-metadata on behalf of admin
2026-05-22 04:54:03.734+0000 [id=83]	INFO	h.m.UpdateCenter$UpdateCenterConfiguration#download: Downloading pipeline-stage-tags-metadata
2026-05-22 04:54:04.478+0000 [id=83]	INFO	h.model.UpdateCenter$DownloadJob#run: Installation successful: pipeline-stage-tags-metadata
2026-05-22 04:54:04.478+0000 [id=83]	INFO	h.model.UpdateCenter$DownloadJob#run: Starting the installation of pipeline-input-step on behalf of admin
2026-05-22 04:54:04.478+0000 [id=83]	INFO	h.m.UpdateCenter$UpdateCenterConfiguration#download: Downloading pipeline-input-step
2026-05-22 04:54:05.218+0000 [id=83]	INFO	h.model.UpdateCenter$DownloadJob#run: Installation successful: pipeline-input-step
2026-05-22 04:54:05.219+0000 [id=83]	INFO	h.model.UpdateCenter$DownloadJob#run: Starting the installation of workflow-basic-steps on behalf of admin
2026-05-22 04:54:05.219+0000 [id=83]	INFO	h.m.UpdateCenter$UpdateCenterConfiguration#download: Downloading workflow-basic-steps
2026-05-22 04:54:06.008+0000 [id=83]	INFO	h.model.UpdateCenter$DownloadJob#run: Installation successful: workflow-basic-steps
2026-05-22 04:54:06.008+0000 [id=83]	INFO	h.model.UpdateCenter$DownloadJob#run: Starting the installation of pipeline-model-definition on behalf of admin
2026-05-22 04:54:06.008+0000 [id=83]	INFO	h.m.UpdateCenter$UpdateCenterConfiguration#download: Downloading pipeline-model-definition
2026-05-22 04:54:06.876+0000 [id=83]	INFO	h.model.UpdateCenter$DownloadJob#run: Installation successful: pipeline-model-definition
2026-05-22 04:54:06.877+0000 [id=83]	INFO	h.model.UpdateCenter$DownloadJob#run: Starting the installation of workflow-aggregator on behalf of admin
2026-05-22 04:54:06.877+0000 [id=83]	INFO	h.m.UpdateCenter$UpdateCenterConfiguration#download: Downloading workflow-aggregator
2026-05-22 04:54:07.734+0000 [id=83]	INFO	h.model.UpdateCenter$DownloadJob#run: Installation successful: workflow-aggregator
2026-05-22 04:54:07.735+0000 [id=83]	INFO	h.model.UpdateCenter$DownloadJob#run: Starting the installation of jjwt-api on behalf of admin
2026-05-22 04:54:07.735+0000 [id=83]	INFO	h.m.UpdateCenter$UpdateCenterConfiguration#download: Downloading jjwt-api
2026-05-22 04:54:08.574+0000 [id=83]	INFO	h.model.UpdateCenter$DownloadJob#run: Installation successful: jjwt-api
2026-05-22 04:54:08.574+0000 [id=83]	INFO	h.model.UpdateCenter$DownloadJob#run: Starting the installation of github-api on behalf of admin
2026-05-22 04:54:08.575+0000 [id=83]	INFO	h.m.UpdateCenter$UpdateCenterConfiguration#download: Downloading github-api
2026-05-22 04:54:09.452+0000 [id=83]	INFO	h.model.UpdateCenter$DownloadJob#run: Installation successful: github-api
2026-05-22 04:54:09.452+0000 [id=83]	INFO	h.model.UpdateCenter$DownloadJob#run: Starting the installation of mina-sshd-api-common on behalf of admin
2026-05-22 04:54:09.461+0000 [id=83]	INFO	h.m.UpdateCenter$UpdateCenterConfiguration#download: Downloading mina-sshd-api-common
2026-05-22 04:54:10.350+0000 [id=83]	INFO	h.model.UpdateCenter$DownloadJob#run: Installation successful: mina-sshd-api-common
2026-05-22 04:54:10.350+0000 [id=83]	INFO	h.model.UpdateCenter$DownloadJob#run: Starting the installation of mina-sshd-api-core on behalf of admin
2026-05-22 04:54:10.359+0000 [id=83]	INFO	h.m.UpdateCenter$UpdateCenterConfiguration#download: Downloading mina-sshd-api-core
2026-05-22 04:54:11.243+0000 [id=83]	INFO	h.model.UpdateCenter$DownloadJob#run: Installation successful: mina-sshd-api-core
2026-05-22 04:54:11.243+0000 [id=83]	INFO	h.model.UpdateCenter$DownloadJob#run: Starting the installation of gson-api on behalf of admin
2026-05-22 04:54:11.246+0000 [id=83]	INFO	h.m.UpdateCenter$UpdateCenterConfiguration#download: Downloading gson-api
2026-05-22 04:54:11.969+0000 [id=83]	INFO	h.model.UpdateCenter$DownloadJob#run: Installation successful: gson-api
2026-05-22 04:54:11.969+0000 [id=83]	INFO	h.model.UpdateCenter$DownloadJob#run: Starting the installation of git-client on behalf of admin
2026-05-22 04:54:11.969+0000 [id=83]	INFO	h.m.UpdateCenter$UpdateCenterConfiguration#download: Downloading git-client
2026-05-22 04:54:12.798+0000 [id=83]	INFO	h.model.UpdateCenter$DownloadJob#run: Installation successful: git-client
2026-05-22 04:54:12.798+0000 [id=83]	INFO	h.model.UpdateCenter$DownloadJob#run: Starting the installation of git on behalf of admin
2026-05-22 04:54:12.799+0000 [id=83]	INFO	h.m.UpdateCenter$UpdateCenterConfiguration#download: Downloading git
2026-05-22 04:54:13.632+0000 [id=83]	INFO	h.model.UpdateCenter$DownloadJob#run: Installation successful: git
2026-05-22 04:54:13.633+0000 [id=83]	INFO	h.model.UpdateCenter$DownloadJob#run: Starting the installation of github on behalf of admin
2026-05-22 04:54:13.633+0000 [id=83]	INFO	h.m.UpdateCenter$UpdateCenterConfiguration#download: Downloading github
2026-05-22 04:54:14.339+0000 [id=83]	INFO	h.model.UpdateCenter$DownloadJob#run: Installation successful: github
2026-05-22 04:54:14.339+0000 [id=83]	INFO	h.model.UpdateCenter$DownloadJob#run: Starting the installation of github-branch-source on behalf of admin
2026-05-22 04:54:14.339+0000 [id=83]	INFO	h.m.UpdateCenter$UpdateCenterConfiguration#download: Downloading github-branch-source
2026-05-22 04:54:15.163+0000 [id=83]	INFO	h.model.UpdateCenter$DownloadJob#run: Installation successful: github-branch-source
2026-05-22 04:54:15.163+0000 [id=83]	INFO	h.model.UpdateCenter$DownloadJob#run: Starting the installation of pipeline-github-lib on behalf of admin
2026-05-22 04:54:15.163+0000 [id=83]	INFO	h.m.UpdateCenter$UpdateCenterConfiguration#download: Downloading pipeline-github-lib
2026-05-22 04:54:15.861+0000 [id=83]	INFO	h.model.UpdateCenter$DownloadJob#run: Installation successful: pipeline-github-lib
2026-05-22 04:54:15.861+0000 [id=83]	INFO	h.model.UpdateCenter$DownloadJob#run: Starting the installation of metrics on behalf of admin
2026-05-22 04:54:15.861+0000 [id=83]	INFO	h.m.UpdateCenter$UpdateCenterConfiguration#download: Downloading metrics
2026-05-22 04:54:16.842+0000 [id=83]	INFO	h.model.UpdateCenter$DownloadJob#run: Installation successful: metrics
2026-05-22 04:54:16.842+0000 [id=83]	INFO	h.model.UpdateCenter$DownloadJob#run: Starting the installation of pipeline-graph-view on behalf of admin
2026-05-22 04:54:16.843+0000 [id=83]	INFO	h.m.UpdateCenter$UpdateCenterConfiguration#download: Downloading pipeline-graph-view
2026-05-22 04:54:17.728+0000 [id=83]	INFO	h.model.UpdateCenter$DownloadJob#run: Installation successful: pipeline-graph-view
2026-05-22 04:54:17.728+0000 [id=83]	INFO	h.model.UpdateCenter$DownloadJob#run: Starting the installation of git on behalf of admin
2026-05-22 04:54:17.728+0000 [id=83]	INFO	h.m.UpdateCenter$InstallationJob#_run: Skipping duplicate install of: Git@5.10.1
2026-05-22 04:54:17.729+0000 [id=83]	INFO	h.model.UpdateCenter$DownloadJob#run: Installation successful: git
2026-05-22 04:54:17.729+0000 [id=83]	INFO	h.model.UpdateCenter$DownloadJob#run: Starting the installation of eddsa-api on behalf of admin
2026-05-22 04:54:17.735+0000 [id=83]	INFO	h.model.UpdateCenter$DownloadJob#run: Installation successful: eddsa-api
2026-05-22 04:54:17.736+0000 [id=83]	INFO	h.model.UpdateCenter$DownloadJob#run: Starting the installation of trilead-api on behalf of admin
2026-05-22 04:54:17.808+0000 [id=83]	INFO	h.model.UpdateCenter$DownloadJob#run: Installation successful: trilead-api
2026-05-22 04:54:17.808+0000 [id=83]	INFO	h.model.UpdateCenter$DownloadJob#run: Starting the installation of ssh-slaves on behalf of admin
2026-05-22 04:54:17.809+0000 [id=83]	INFO	h.m.UpdateCenter$UpdateCenterConfiguration#download: Downloading ssh-slaves
2026-05-22 04:54:18.566+0000 [id=83]	INFO	h.model.UpdateCenter$DownloadJob#run: Installation successful: ssh-slaves
2026-05-22 04:54:18.566+0000 [id=83]	INFO	h.model.UpdateCenter$DownloadJob#run: Starting the installation of matrix-auth on behalf of admin
2026-05-22 04:54:18.574+0000 [id=83]	INFO	h.model.UpdateCenter$DownloadJob#run: Installation successful: matrix-auth
2026-05-22 04:54:18.574+0000 [id=83]	INFO	h.model.UpdateCenter$DownloadJob#run: Starting the installation of ldap on behalf of admin
2026-05-22 04:54:18.575+0000 [id=83]	INFO	h.m.UpdateCenter$UpdateCenterConfiguration#download: Downloading ldap
2026-05-22 04:54:19.533+0000 [id=83]	INFO	h.model.UpdateCenter$DownloadJob#run: Installation successful: ldap
2026-05-22 04:54:19.533+0000 [id=83]	INFO	h.model.UpdateCenter$DownloadJob#run: Starting the installation of jsoup on behalf of admin
2026-05-22 04:54:19.533+0000 [id=83]	INFO	h.m.UpdateCenter$UpdateCenterConfiguration#download: Downloading jsoup
2026-05-22 04:54:20.267+0000 [id=83]	INFO	h.model.UpdateCenter$DownloadJob#run: Installation successful: jsoup
2026-05-22 04:54:20.268+0000 [id=83]	INFO	h.model.UpdateCenter$DownloadJob#run: Starting the installation of email-ext on behalf of admin
2026-05-22 04:54:20.268+0000 [id=83]	INFO	h.m.UpdateCenter$UpdateCenterConfiguration#download: Downloading email-ext
2026-05-22 04:54:21.207+0000 [id=83]	INFO	h.model.UpdateCenter$DownloadJob#run: Installation successful: email-ext
2026-05-22 04:54:21.207+0000 [id=83]	INFO	h.model.UpdateCenter$DownloadJob#run: Starting the installation of mailer on behalf of admin
2026-05-22 04:54:21.207+0000 [id=83]	INFO	h.m.UpdateCenter$InstallationJob#_run: Skipping duplicate install of: Mailer@534.v1b_36f5864073
2026-05-22 04:54:21.207+0000 [id=83]	INFO	h.model.UpdateCenter$DownloadJob#run: Installation successful: mailer
2026-05-22 04:54:21.207+0000 [id=83]	INFO	h.model.UpdateCenter$DownloadJob#run: Starting the installation of theme-manager on behalf of admin
2026-05-22 04:54:21.207+0000 [id=83]	INFO	h.m.UpdateCenter$UpdateCenterConfiguration#download: Downloading theme-manager
2026-05-22 04:54:21.905+0000 [id=83]	INFO	h.model.UpdateCenter$DownloadJob#run: Installation successful: theme-manager
2026-05-22 04:54:21.905+0000 [id=83]	INFO	h.model.UpdateCenter$DownloadJob#run: Starting the installation of dark-theme on behalf of admin
2026-05-22 04:54:21.905+0000 [id=83]	INFO	h.m.UpdateCenter$UpdateCenterConfiguration#download: Downloading dark-theme
2026-05-22 04:54:22.598+0000 [id=83]	INFO	h.model.UpdateCenter$DownloadJob#run: Installation successful: dark-theme
2026-05-22 04:54:22.599+0000 [id=83]	INFO	h.m.UpdateCenter$CompleteBatchJob#run: Completing installing of plugin batch…
2026-05-22 04:54:25.572+0000 [id=83]	INFO	h.p.b.g.GlobalTimeOutConfiguration#load: global timeout not set
2026-05-22 04:54:26.490+0000 [id=83]	INFO	h.m.DownloadService$Downloadable#load: Obtained the updated data file for hudson.tasks.Ant.AntInstaller
2026-05-22 04:54:27.299+0000 [id=83]	INFO	h.m.DownloadService$Downloadable#load: Obtained the updated data file for hudson.plugins.gradle.GradleInstaller
2026-05-22 04:54:28.237+0000 [id=239]	INFO	jenkins.InitReactorRunner$1#onAttained: Started initialization
2026-05-22 04:54:28.252+0000 [id=239]	INFO	jenkins.InitReactorRunner$1#onAttained: Listed all plugins
2026-05-22 04:54:28.252+0000 [id=239]	INFO	jenkins.InitReactorRunner$1#onAttained: Prepared all plugins
2026-05-22 04:54:28.287+0000 [id=240]	INFO	jenkins.InitReactorRunner$1#onAttained: Started all plugins
2026-05-22 04:54:28.290+0000 [id=240]	INFO	jenkins.InitReactorRunner$1#onAttained: Augmented all extensions
2026-05-22 04:54:28.402+0000 [id=239]	INFO	jenkins.InitReactorRunner$1#onAttained: System config loaded
2026-05-22 04:54:28.403+0000 [id=239]	INFO	jenkins.InitReactorRunner$1#onAttained: System config adapted
2026-05-22 04:54:28.460+0000 [id=242]	INFO	jenkins.InitReactorRunner$1#onAttained: Loaded all jobs
2026-05-22 04:54:28.463+0000 [id=239]	INFO	jenkins.InitReactorRunner$1#onAttained: Configuration for all jobs updated
2026-05-22 04:54:28.831+0000 [id=241]	INFO	jenkins.InitReactorRunner$1#onAttained: Completed initialization
2026-05-22 04:54:28.832+0000 [id=83]	INFO	h.m.UpdateCenter$CompleteBatchJob#run: Completed installation of 93 plugins in 1 min 6 sec
2026-05-22 04:54:52.212+0000 [id=244]	WARNING	j.m.api.Metrics$HealthChecker#execute: Some health checks are reporting as unhealthy: [temporary-space : Only 0.947 Gb free on (controller)]
2026-05-22 04:56:26.433+0000 [id=23]	WARNING	h.n.DiskSpaceMonitorDescriptor#markNodeOfflineOrOnline: Making Built-In Node offline temporarily due to the lack of disk space
2026-05-22 05:02:05.410+0000 [id=20]	WARNING	h.n.DiskSpaceMonitorDescriptor#markNodeOfflineOrOnline: Making Built-In Node offline temporarily due to the lack of disk space
2026-05-22 05:05:04.214+0000 [id=32]	INFO	winstone.Logger#logInternal: JVM is terminating. Shutting down Jetty
2026-05-22 05:05:04.216+0000 [id=32]	INFO	org.eclipse.jetty.server.Server#doStop: Stopped oejs.Server@468be356{STOPPING}[12.1.8,sto=0]
2026-05-22 05:05:04.218+0000 [id=32]	INFO	o.e.j.server.AbstractConnector#doStop: Stopped oejs.ServerConnector@6ac0b715{HTTP/1.1, (http/1.1)}{0.0.0.0:8080}
2026-05-22 05:05:04.222+0000 [id=32]	INFO	hudson.lifecycle.Lifecycle#onStatusUpdate: Stopping Jenkins
2026-05-22 05:05:04.229+0000 [id=32]	INFO	jenkins.model.Jenkins$13#onAttained: Started termination
2026-05-22 05:05:04.230+0000 [id=32]	INFO	h.p.b.global.Lifecycle#shutdown: Shutdown complete - Global TimeOut ScheduledExecutorService had 0 tasks pending
2026-05-22 05:05:04.273+0000 [id=32]	INFO	jenkins.model.Jenkins$13#onAttained: Completed termination
2026-05-22 05:05:04.274+0000 [id=32]	INFO	jenkins.model.Jenkins#_cleanUpDisconnectComputers: Starting node disconnection
2026-05-22 05:05:04.278+0000 [id=32]	INFO	jenkins.model.Jenkins#_cleanUpShutdownPluginManager: Stopping plugin manager
2026-05-22 05:05:04.304+0000 [id=32]	INFO	jenkins.model.Jenkins#_cleanUpPersistQueue: Persisting build queue
2026-05-22 05:05:04.312+0000 [id=32]	INFO	jenkins.model.Jenkins#_cleanUpAwaitDisconnects: Waiting for node disconnection completion
2026-05-22 05:05:04.313+0000 [id=32]	INFO	hudson.lifecycle.Lifecycle#onStatusUpdate: Jenkins stopped
2026-05-22 05:05:04.322+0000 [id=31]	INFO	winstone.Logger#logInternal: Control thread shutdown successfully
2026-05-22 05:05:04.323+0000 [id=32]	INFO	winstone.Logger#logInternal: Jetty shutdown successfully
Running from: /home/ubuntu/terraform-aws-project/jenkins.war
webroot: /home/ubuntu/.jenkins/war
2026-05-22 05:05:18.929+0000 [id=1]	INFO	winstone.Logger#logInternal: Beginning extraction from war file
2026-05-22 05:05:19.053+0000 [id=1]	WARNING	o.e.j.ee9.nested.ContextHandler#setContextPath: Empty contextPath
2026-05-22 05:05:19.191+0000 [id=1]	INFO	org.eclipse.jetty.server.Server#doStart: jetty-12.1.8; built: 2026-04-01T01:09:18.991Z; git: c9cdc9aaa434a3665b8a53b4d1cc3684992da649; jvm 21.0.11-ea+8-Ubuntu-1
2026-05-22 05:05:20.240+0000 [id=1]	INFO	o.e.j.e.w.StandardDescriptorProcessor#visitServlet: NO JSP Support for /, did not find org.eclipse.jetty.ee9.jsp.JettyJspServlet
2026-05-22 05:05:20.335+0000 [id=1]	INFO	o.e.j.s.DefaultSessionIdManager#doStart: Session workerName=node0
2026-05-22 05:05:21.153+0000 [id=1]	INFO	hudson.WebAppMain#contextInitialized: Jenkins home directory: /home/ubuntu/.jenkins found at: $user.home/.jenkins
2026-05-22 05:05:21.365+0000 [id=1]	INFO	o.e.j.s.handler.ContextHandler#doStart: Started oeje9n.ContextHandler$CoreContextHandler@771158fb{Jenkins v2.555.2,/,b=file:///home/ubuntu/.jenkins/war/,a=AVAILABLE,h=oeje9n.ContextHandler$CoreContextHandler$CoreToNestedHandler@91c4a3f{STARTED}}
2026-05-22 05:05:21.377+0000 [id=1]	INFO	o.e.j.server.AbstractConnector#doStart: Started oejs.ServerConnector@6c000e0c{HTTP/1.1, (http/1.1)}{0.0.0.0:8080}
2026-05-22 05:05:21.378+0000 [id=1]	INFO	org.eclipse.jetty.server.Server#doStart: Started oejs.Server@5f233b26{STARTING}[12.1.8,sto=0] @2191ms
2026-05-22 05:05:21.384+0000 [id=31]	INFO	winstone.Logger#logInternal: Winstone Servlet Engine running: controlPort=disabled
2026-05-22 05:05:21.641+0000 [id=30]	INFO	jenkins.model.Jenkins#<init>: Starting version 2.555.2
2026-05-22 05:05:21.863+0000 [id=37]	INFO	jenkins.InitReactorRunner$1#onAttained: Started initialization
2026-05-22 05:05:22.053+0000 [id=39]	INFO	jenkins.InitReactorRunner$1#onAttained: Listed all plugins
2026-05-22 05:05:27.627+0000 [id=38]	INFO	jenkins.InitReactorRunner$1#onAttained: Prepared all plugins
2026-05-22 05:05:27.667+0000 [id=37]	INFO	jenkins.InitReactorRunner$1#onAttained: Started all plugins
2026-05-22 05:05:27.673+0000 [id=37]	INFO	jenkins.InitReactorRunner$1#onAttained: Augmented all extensions
2026-05-22 05:05:28.293+0000 [id=36]	INFO	h.p.b.g.GlobalTimeOutConfiguration#load: global timeout not set
2026-05-22 05:05:30.036+0000 [id=39]	INFO	jenkins.InitReactorRunner$1#onAttained: System config loaded
2026-05-22 05:05:30.037+0000 [id=36]	INFO	jenkins.InitReactorRunner$1#onAttained: System config adapted
2026-05-22 05:05:30.099+0000 [id=39]	INFO	jenkins.InitReactorRunner$1#onAttained: Loaded all jobs
2026-05-22 05:05:30.103+0000 [id=39]	INFO	jenkins.InitReactorRunner$1#onAttained: Configuration for all jobs updated
2026-05-22 05:05:30.223+0000 [id=36]	INFO	jenkins.InitReactorRunner$1#onAttained: Completed initialization
2026-05-22 05:05:30.292+0000 [id=30]	INFO	hudson.lifecycle.Lifecycle#onReady: Jenkins is fully up and running
2026-05-22 05:05:35.378+0000 [id=75]	WARNING	h.n.DiskSpaceMonitorDescriptor#markNodeOfflineOrOnline: Making Built-In Node offline temporarily due to the lack of disk space
2026-05-22 05:05:45.208+0000 [id=111]	WARNING	j.m.api.Metrics$HealthChecker#execute: Some health checks are reporting as unhealthy: [temporary-space : Only 0.947 Gb free on (controller)]
2026-05-22 05:20:18.797+0000 [id=32]	INFO	winstone.Logger#logInternal: JVM is terminating. Shutting down Jetty
2026-05-22 05:20:18.798+0000 [id=32]	INFO	org.eclipse.jetty.server.Server#doStop: Stopped oejs.Server@5f233b26{STOPPING}[12.1.8,sto=0]
2026-05-22 05:20:18.801+0000 [id=32]	INFO	o.e.j.server.AbstractConnector#doStop: Stopped oejs.ServerConnector@6c000e0c{HTTP/1.1, (http/1.1)}{0.0.0.0:8080}
2026-05-22 05:20:18.804+0000 [id=32]	INFO	hudson.lifecycle.Lifecycle#onStatusUpdate: Stopping Jenkins
2026-05-22 05:20:18.813+0000 [id=32]	INFO	jenkins.model.Jenkins$13#onAttained: Started termination
2026-05-22 05:20:18.816+0000 [id=32]	INFO	h.p.b.global.Lifecycle#shutdown: Shutdown complete - Global TimeOut ScheduledExecutorService had 0 tasks pending
2026-05-22 05:20:18.826+0000 [id=32]	INFO	jenkins.model.Jenkins$13#onAttained: Completed termination
2026-05-22 05:20:18.828+0000 [id=32]	INFO	jenkins.model.Jenkins#_cleanUpDisconnectComputers: Starting node disconnection
2026-05-22 05:20:18.832+0000 [id=32]	INFO	jenkins.model.Jenkins#_cleanUpShutdownPluginManager: Stopping plugin manager
2026-05-22 05:20:18.872+0000 [id=32]	INFO	jenkins.model.Jenkins#_cleanUpPersistQueue: Persisting build queue
2026-05-22 05:20:18.880+0000 [id=32]	INFO	jenkins.model.Jenkins#_cleanUpAwaitDisconnects: Waiting for node disconnection completion
2026-05-22 05:20:18.881+0000 [id=32]	INFO	hudson.lifecycle.Lifecycle#onStatusUpdate: Jenkins stopped
2026-05-22 05:20:18.889+0000 [id=31]	INFO	winstone.Logger#logInternal: Control thread shutdown successfully
2026-05-22 05:20:18.889+0000 [id=32]	INFO	winstone.Logger#logInternal: Jetty shutdown successfully
Running from: /home/ubuntu/terraform-aws-project/jenkins.war
webroot: /home/ubuntu/.jenkins/war
2026-05-22 05:20:36.924+0000 [id=1]	INFO	winstone.Logger#logInternal: Beginning extraction from war file
2026-05-22 05:20:37.028+0000 [id=1]	WARNING	o.e.j.ee9.nested.ContextHandler#setContextPath: Empty contextPath
2026-05-22 05:20:37.151+0000 [id=1]	INFO	org.eclipse.jetty.server.Server#doStart: jetty-12.1.8; built: 2026-04-01T01:09:18.991Z; git: c9cdc9aaa434a3665b8a53b4d1cc3684992da649; jvm 21.0.11-ea+8-Ubuntu-1
2026-05-22 05:20:38.052+0000 [id=1]	INFO	o.e.j.e.w.StandardDescriptorProcessor#visitServlet: NO JSP Support for /, did not find org.eclipse.jetty.ee9.jsp.JettyJspServlet
2026-05-22 05:20:38.152+0000 [id=1]	INFO	o.e.j.s.DefaultSessionIdManager#doStart: Session workerName=node0
2026-05-22 05:20:38.800+0000 [id=1]	INFO	hudson.WebAppMain#contextInitialized: Jenkins home directory: /home/ubuntu/.jenkins found at: $user.home/.jenkins
2026-05-22 05:20:38.917+0000 [id=1]	INFO	o.e.j.s.handler.ContextHandler#doStart: Started oeje9n.ContextHandler$CoreContextHandler@771158fb{Jenkins v2.555.2,/,b=file:///home/ubuntu/.jenkins/war/,a=AVAILABLE,h=oeje9n.ContextHandler$CoreContextHandler$CoreToNestedHandler@91c4a3f{STARTED}}
2026-05-22 05:20:38.929+0000 [id=1]	INFO	o.e.j.server.AbstractConnector#doStart: Started oejs.ServerConnector@6c000e0c{HTTP/1.1, (http/1.1)}{0.0.0.0:8080}
2026-05-22 05:20:38.930+0000 [id=1]	INFO	org.eclipse.jetty.server.Server#doStart: Started oejs.Server@5f233b26{STARTING}[12.1.8,sto=0] @1783ms
2026-05-22 05:20:38.933+0000 [id=31]	INFO	winstone.Logger#logInternal: Winstone Servlet Engine running: controlPort=disabled
2026-05-22 05:20:39.110+0000 [id=30]	INFO	jenkins.model.Jenkins#<init>: Starting version 2.555.2
2026-05-22 05:20:39.252+0000 [id=37]	INFO	jenkins.InitReactorRunner$1#onAttained: Started initialization
2026-05-22 05:20:39.415+0000 [id=38]	INFO	jenkins.InitReactorRunner$1#onAttained: Listed all plugins
2026-05-22 05:20:44.657+0000 [id=36]	INFO	jenkins.InitReactorRunner$1#onAttained: Prepared all plugins
2026-05-22 05:20:44.737+0000 [id=36]	INFO	jenkins.InitReactorRunner$1#onAttained: Started all plugins
2026-05-22 05:20:44.749+0000 [id=38]	INFO	jenkins.InitReactorRunner$1#onAttained: Augmented all extensions
2026-05-22 05:20:45.880+0000 [id=38]	INFO	h.p.b.g.GlobalTimeOutConfiguration#load: global timeout not set
2026-05-22 05:20:46.898+0000 [id=37]	INFO	jenkins.InitReactorRunner$1#onAttained: System config loaded
2026-05-22 05:20:46.906+0000 [id=38]	INFO	jenkins.InitReactorRunner$1#onAttained: System config adapted
2026-05-22 05:20:46.964+0000 [id=37]	INFO	jenkins.InitReactorRunner$1#onAttained: Loaded all jobs
2026-05-22 05:20:46.969+0000 [id=37]	INFO	jenkins.InitReactorRunner$1#onAttained: Configuration for all jobs updated
2026-05-22 05:20:47.062+0000 [id=38]	INFO	jenkins.InitReactorRunner$1#onAttained: Completed initialization
2026-05-22 05:20:47.111+0000 [id=30]	INFO	hudson.lifecycle.Lifecycle#onReady: Jenkins is fully up and running
2026-05-22 05:20:52.162+0000 [id=64]	WARNING	h.n.DiskSpaceMonitorDescriptor#markNodeOfflineOrOnline: Making Built-In Node offline temporarily due to the lack of disk space
2026-05-22 05:21:11.812+0000 [id=68]	WARNING	j.m.api.Metrics$HealthChecker#execute: Some health checks are reporting as unhealthy: [temporary-space : Only 0.947 Gb free on (controller)]
